[   12998ms] [INFO] %cDownload the React DevTools for a better development experience: https://react.dev/link/react-devtools font-weight:bold @ http://localhost:3000/_next/static/chunks/1-hf_next_dist_0rj6-9x._.js:776
[   13027ms] [LOG] [HMR] connected @ http://localhost:3000/_next/static/chunks/1-hf_next_dist_0rj6-9x._.js:776
[   14098ms] [WARNING] THREE.Clock: This module has been deprecated. Please use THREE.Timer instead. @ http://localhost:3000/_next/static/chunks/1-hf_next_dist_0rj6-9x._.js:776
[   14160ms] [WARNING] THREE.Clock: This module has been deprecated. Please use THREE.Timer instead. @ http://localhost:3000/_next/static/chunks/1-hf_next_dist_0rj6-9x._.js:776
[   54439ms] [LOG] [Fast Refresh] rebuilding @ http://localhost:3000/_next/static/chunks/1-hf_next_dist_0rj6-9x._.js:776
[   54505ms] [LOG] [Fast Refresh] done in 24ms @ http://localhost:3000/_next/static/chunks/1-hf_next_dist_0rj6-9x._.js:776
[   54563ms] [ERROR] %o

%s ReferenceError: initialHandAngle is not defined
    at ExperienceHalfClock (http://localhost:3000/_next/static/chunks/_1p9bhob._.js?id=%255Bproject%255D/components/experience-cards-3d/experience-half-clock.tsx+%255Bapp-client%255D+(ecmascript):343:42)
    at Object.react_stack_bottom_frame (http://localhost:3000/_next/static/chunks/1-hf_next_dist_compiled_react-dom_1s631p7._.js:14894:24)
    at renderWithHooks (http://localhost:3000/_next/static/chunks/1-hf_next_dist_compiled_react-dom_1s631p7._.js:4425:24)
    at updateFunctionComponent (http://localhost:3000/_next/static/chunks/1-hf_next_dist_compiled_react-dom_1s631p7._.js:5892:21)
    at updateSimpleMemoComponent (http://localhost:3000/_next/static/chunks/1-hf_next_dist_compiled_react-dom_1s631p7._.js:5753:16)
    at updateMemoComponent (http://localhost:3000/_next/static/chunks/1-hf_next_dist_compiled_react-dom_1s631p7._.js:5728:298)
    at beginWork (http://localhost:3000/_next/static/chunks/1-hf_next_dist_compiled_react-dom_1s631p7._.js:6605:24)
    at runWithFiberInDEV (http://localhost:3000/_next/static/chunks/1-hf_next_dist_compiled_react-dom_1s631p7._.js:761:74)
    at performUnitOfWork (http://localhost:3000/_next/static/chunks/1-hf_next_dist_compiled_react-dom_1s631p7._.js:9385:97)
    at workLoopSync (http://localhost:3000/_next/static/chunks/1-hf_next_dist_compiled_react-dom_1s631p7._.js:9279:40)
    at renderRootSync (http://localhost:3000/_next/static/chunks/1-hf_next_dist_compiled_react-dom_1s631p7._.js:9263:13)
    at performWorkOnRoot (http://localhost:3000/_next/static/chunks/1-hf_next_dist_compiled_react-dom_1s631p7._.js:8928:47)
    at performSyncWorkOnRoot (http://localhost:3000/_next/static/chunks/1-hf_next_dist_compiled_react-dom_1s631p7._.js:10093:9)
    at flushSyncWorkAcrossRoots_impl (http://localhost:3000/_next/static/chunks/1-hf_next_dist_compiled_react-dom_1s631p7._.js:10009:316)
    at processRootScheduleInMicrotask (http://localhost:3000/_next/static/chunks/1-hf_next_dist_compiled_react-dom_1s631p7._.js:10030:106)
    at http://localhost:3000/_next/static/chunks/1-hf_next_dist_compiled_react-dom_1s631p7._.js:10104:158 The above error occurred in the <ExperienceHalfClock> component. It was handled by the <ErrorBoundaryHandler> error boundary. @ http://localhost:3000/_next/static/chunks/1-hf_next_dist_client_0t3129w._.js:17451
[   54572ms] [ERROR] Application error: ReferenceError: initialHandAngle is not defined
    at ExperienceHalfClock (http://localhost:3000/_next/static/chunks/_1p9bhob._.js?id=%255Bproject%255D/components/experience-cards-3d/experience-half-clock.tsx+%255Bapp-client%255D+(ecmascript):343:42)
    at Object.react_stack_bottom_frame (http://localhost:3000/_next/static/chunks/1-hf_next_dist_compiled_react-dom_1s631p7._.js:14894:24)
    at renderWithHooks (http://localhost:3000/_next/static/chunks/1-hf_next_dist_compiled_react-dom_1s631p7._.js:4425:24)
    at updateFunctionComponent (http://localhost:3000/_next/static/chunks/1-hf_next_dist_compiled_react-dom_1s631p7._.js:5892:21)
    at updateSimpleMemoComponent (http://localhost:3000/_next/static/chunks/1-hf_next_dist_compiled_react-dom_1s631p7._.js:5753:16)
    at updateMemoComponent (http://localhost:3000/_next/static/chunks/1-hf_next_dist_compiled_react-dom_1s631p7._.js:5728:298)
    at beginWork (http://localhost:3000/_next/static/chunks/1-hf_next_dist_compiled_react-dom_1s631p7._.js:6605:24)
    at runWithFiberInDEV (http://localhost:3000/_next/static/chunks/1-hf_next_dist_compiled_react-dom_1s631p7._.js:761:74)
    at performUnitOfWork (http://localhost:3000/_next/static/chunks/1-hf_next_dist_compiled_react-dom_1s631p7._.js:9385:97)
    at workLoopSync (http://localhost:3000/_next/static/chunks/1-hf_next_dist_compiled_react-dom_1s631p7._.js:9279:40)
    at renderRootSync (http://localhost:3000/_next/static/chunks/1-hf_next_dist_compiled_react-dom_1s631p7._.js:9263:13)
    at performWorkOnRoot (http://localhost:3000/_next/static/chunks/1-hf_next_dist_compiled_react-dom_1s631p7._.js:8928:47)
    at performSyncWorkOnRoot (http://localhost:3000/_next/static/chunks/1-hf_next_dist_compiled_react-dom_1s631p7._.js:10093:9)
    at flushSyncWorkAcrossRoots_impl (http://localhost:3000/_next/static/chunks/1-hf_next_dist_compiled_react-dom_1s631p7._.js:10009:316)
    at processRootScheduleInMicrotask (http://localhost:3000/_next/static/chunks/1-hf_next_dist_compiled_react-dom_1s631p7._.js:10030:106)
    at http://localhost:3000/_next/static/chunks/1-hf_next_dist_compiled_react-dom_1s631p7._.js:10104:158 @ http://localhost:3000/_next/static/chunks/1-hf_next_dist_0rj6-9x._.js:1052
[   54574ms] [ERROR] Application error: ReferenceError: initialHandAngle is not defined
    at ExperienceHalfClock (http://localhost:3000/_next/static/chunks/_1p9bhob._.js?id=%255Bproject%255D/components/experience-cards-3d/experience-half-clock.tsx+%255Bapp-client%255D+(ecmascript):343:42)
    at Object.react_stack_bottom_frame (http://localhost:3000/_next/static/chunks/1-hf_next_dist_compiled_react-dom_1s631p7._.js:14894:24)
    at renderWithHooks (http://localhost:3000/_next/static/chunks/1-hf_next_dist_compiled_react-dom_1s631p7._.js:4425:24)
    at updateFunctionComponent (http://localhost:3000/_next/static/chunks/1-hf_next_dist_compiled_react-dom_1s631p7._.js:5892:21)
    at updateSimpleMemoComponent (http://localhost:3000/_next/static/chunks/1-hf_next_dist_compiled_react-dom_1s631p7._.js:5753:16)
    at updateMemoComponent (http://localhost:3000/_next/static/chunks/1-hf_next_dist_compiled_react-dom_1s631p7._.js:5728:298)
    at beginWork (http://localhost:3000/_next/static/chunks/1-hf_next_dist_compiled_react-dom_1s631p7._.js:6605:24)
    at runWithFiberInDEV (http://localhost:3000/_next/static/chunks/1-hf_next_dist_compiled_react-dom_1s631p7._.js:761:74)
    at performUnitOfWork (http://localhost:3000/_next/static/chunks/1-hf_next_dist_compiled_react-dom_1s631p7._.js:9385:97)
    at workLoopSync (http://localhost:3000/_next/static/chunks/1-hf_next_dist_compiled_react-dom_1s631p7._.js:9279:40)
    at renderRootSync (http://localhost:3000/_next/static/chunks/1-hf_next_dist_compiled_react-dom_1s631p7._.js:9263:13)
    at performWorkOnRoot (http://localhost:3000/_next/static/chunks/1-hf_next_dist_compiled_react-dom_1s631p7._.js:8928:47)
    at performSyncWorkOnRoot (http://localhost:3000/_next/static/chunks/1-hf_next_dist_compiled_react-dom_1s631p7._.js:10093:9)
    at flushSyncWorkAcrossRoots_impl (http://localhost:3000/_next/static/chunks/1-hf_next_dist_compiled_react-dom_1s631p7._.js:10009:316)
    at processRootScheduleInMicrotask (http://localhost:3000/_next/static/chunks/1-hf_next_dist_compiled_react-dom_1s631p7._.js:10030:106)
    at http://localhost:3000/_next/static/chunks/1-hf_next_dist_compiled_react-dom_1s631p7._.js:10104:158 @ http://localhost:3000/_next/static/chunks/1-hf_next_dist_0rj6-9x._.js:1052
[   54686ms] [LOG] [Fast Refresh] done in 24ms @ http://localhost:3000/_next/static/chunks/1-hf_next_dist_0rj6-9x._.js:776
[   55095ms] [LOG] THREE.WebGLRenderer: Context Lost. @ http://localhost:3000/_next/static/chunks/1-hf_next_dist_0rj6-9x._.js:776
[   55098ms] [LOG] THREE.WebGLRenderer: Context Lost. @ http://localhost:3000/_next/static/chunks/1-hf_next_dist_0rj6-9x._.js:776
[   55354ms] [LOG] [Fast Refresh] done in 24ms @ http://localhost:3000/_next/static/chunks/1-hf_next_dist_0rj6-9x._.js:776
[   68048ms] [LOG] [Fast Refresh] rebuilding @ http://localhost:3000/_next/static/chunks/1-hf_next_dist_0rj6-9x._.js:776
[   68348ms] [LOG] [Fast Refresh] done in 11ms @ http://localhost:3000/_next/static/chunks/1-hf_next_dist_0rj6-9x._.js:776
[   68455ms] [WARNING] THREE.Clock: This module has been deprecated. Please use THREE.Timer instead. @ http://localhost:3000/_next/static/chunks/1-hf_next_dist_0rj6-9x._.js:776
[   68513ms] [WARNING] THREE.Clock: This module has been deprecated. Please use THREE.Timer instead. @ http://localhost:3000/_next/static/chunks/1-hf_next_dist_0rj6-9x._.js:776
[   82797ms] [LOG] [Fast Refresh] rebuilding @ http://localhost:3000/_next/static/chunks/1-hf_next_dist_0rj6-9x._.js:776
[   82972ms] [LOG] [Fast Refresh] done in 210ms @ http://localhost:3000/_next/static/chunks/1-hf_next_dist_0rj6-9x._.js:776
[   83533ms] [LOG] THREE.WebGLRenderer: Context Lost. @ http://localhost:3000/_next/static/chunks/1-hf_next_dist_0rj6-9x._.js:776
[   83593ms] [WARNING] THREE.Clock: This module has been deprecated. Please use THREE.Timer instead. @ http://localhost:3000/_next/static/chunks/1-hf_next_dist_0rj6-9x._.js:776
[   90283ms] [LOG] [Fast Refresh] rebuilding @ http://localhost:3000/_next/static/chunks/1-hf_next_dist_0rj6-9x._.js:776
[   90350ms] [LOG] [Fast Refresh] done in 12ms @ http://localhost:3000/_next/static/chunks/1-hf_next_dist_0rj6-9x._.js:776
[  100938ms] [LOG] [Fast Refresh] done in 12ms @ http://localhost:3000/_next/static/chunks/1-hf_next_dist_0rj6-9x._.js:776
[  141443ms] [LOG] [Fast Refresh] rebuilding @ http://localhost:3000/_next/static/chunks/1-hf_next_dist_0rj6-9x._.js:776
[  141466ms] [LOG] [Fast Refresh] done in 68ms @ http://localhost:3000/_next/static/chunks/1-hf_next_dist_0rj6-9x._.js:776
[  141599ms] [LOG] [Fast Refresh] done in 68ms @ http://localhost:3000/_next/static/chunks/1-hf_next_dist_0rj6-9x._.js:776
